###############################################################################
#
# IAR ELF Linker V7.50.2.10312/W32 for ARM                04/Feb/2017  20:55:24
# Copyright 2007-2015 IAR Systems AB.
#
#    Output file  =  C:\Users\Dmitri\Documents\STM32F4\Task_02\Debug\Exe\c.out
#    Map file     =  C:\Users\Dmitri\Documents\STM32F4\Task_02\Debug\List\c.map
#    Command line =  
#        C:\Users\Dmitri\Documents\STM32F4\Task_02\Debug\Obj\main.o
#        C:\Users\Dmitri\Documents\STM32F4\Task_02\Debug\Obj\misc.o
#        C:\Users\Dmitri\Documents\STM32F4\Task_02\Debug\Obj\startup_stm32f4xx.o
#        C:\Users\Dmitri\Documents\STM32F4\Task_02\Debug\Obj\stm32f4_discovery.o
#        C:\Users\Dmitri\Documents\STM32F4\Task_02\Debug\Obj\stm32f4xx_gpio.o
#        C:\Users\Dmitri\Documents\STM32F4\Task_02\Debug\Obj\stm32f4xx_it.o
#        C:\Users\Dmitri\Documents\STM32F4\Task_02\Debug\Obj\stm32f4xx_rcc.o
#        C:\Users\Dmitri\Documents\STM32F4\Task_02\Debug\Obj\stm32f4xx_tim.o
#        C:\Users\Dmitri\Documents\STM32F4\Task_02\Debug\Obj\system_stm32f4xx.o
#        -o C:\Users\Dmitri\Documents\STM32F4\Task_02\Debug\Exe\c.out
#        --redirect _Printf=_PrintfFull --redirect _Scanf=_ScanfFull --map
#        C:\Users\Dmitri\Documents\STM32F4\Task_02\Debug\List\c.map --config
#        C:\Users\Dmitri\Documents\STM32F4\Task_02\Task_02.icf --semihosting
#        --entry __iar_program_start --vfe
#
###############################################################################

*******************************************************************************
*** RUNTIME MODEL ATTRIBUTES
***

CppFlavor       = *
__SystemLibrary = DLib


*******************************************************************************
*** PLACEMENT SUMMARY
***

"A1":  place at 0x08000000 { ro section .intvec };
"P1":  place in [from 0x08000000 to 0x080fffff] { ro };
"P2":  place in [from 0x20000000 to 0x2001ffff] { rw, block CSTACK, block HEAP };

  Section            Kind        Address    Size  Object
  -------            ----        -------    ----  ------
"A1":                                      0x188
  .intvec            ro code  0x08000000   0x188  startup_stm32f4xx.o [1]
                            - 0x08000188   0x188

"P1":                                      0x690
  .text              ro code  0x08000188   0x13c  main.o [1]
  .text              ro code  0x080002c4    0x48  stm32f4xx_rcc.o [1]
  .text              ro code  0x0800030c    0xc2  stm32f4xx_gpio.o [1]
  .text              ro code  0x080003d0    0xe8  stm32f4xx_tim.o [1]
  .text              ro code  0x080004b8    0x70  misc.o [1]
  .text              ro code  0x08000528    0x8c  system_stm32f4xx.o [1]
  .text              ro code  0x080005b4    0x2c  copy_init3.o [4]
  .text              ro code  0x080005e0    0x28  stm32f4xx_it.o [1]
  .text              ro code  0x08000608    0x28  data_init.o [4]
  .iar.init_table    const    0x08000630    0x14  - Linker created -
  .text              ro code  0x08000644    0x1a  cmain.o [4]
  .text              ro code  0x0800065e     0x4  low_level_init.o [3]
  .text              ro code  0x08000662     0x4  exit.o [3]
  .text              ro code  0x08000668     0xa  cexit.o [4]
  .text              ro code  0x08000674    0x14  exit.o [5]
  .text              ro code  0x08000688    0x10  startup_stm32f4xx.o [1]
  .text              ro code  0x08000698     0xc  cstartup_M.o [4]
  Initializer bytes  const    0x080006a4     0x8  <for P2-1>
  .text              ro code  0x080006ac     0x4  startup_stm32f4xx.o [1]
  .text              ro code  0x080006b0     0x4  startup_stm32f4xx.o [1]
  .text              ro code  0x080006b4     0x4  startup_stm32f4xx.o [1]
  .text              ro code  0x080006b8     0x4  startup_stm32f4xx.o [1]
  .text              ro code  0x080006bc     0x4  startup_stm32f4xx.o [1]
  .text              ro code  0x080006c0     0x4  startup_stm32f4xx.o [1]
  .text              ro code  0x080006c4     0x4  startup_stm32f4xx.o [1]
  .text              ro code  0x080006c8     0x4  startup_stm32f4xx.o [1]
  .text              ro code  0x080006cc     0x4  startup_stm32f4xx.o [1]
  .text              ro code  0x080006d0     0x4  startup_stm32f4xx.o [1]
  .text              ro code  0x080006d4     0x4  startup_stm32f4xx.o [1]
  .text              ro code  0x080006d8     0x4  startup_stm32f4xx.o [1]
  .text              ro code  0x080006dc     0x4  startup_stm32f4xx.o [1]
  .text              ro code  0x080006e0     0x4  startup_stm32f4xx.o [1]
  .text              ro code  0x080006e4     0x4  startup_stm32f4xx.o [1]
  .text              ro code  0x080006e8     0x4  startup_stm32f4xx.o [1]
  .text              ro code  0x080006ec     0x4  startup_stm32f4xx.o [1]
  .text              ro code  0x080006f0     0x4  startup_stm32f4xx.o [1]
  .text              ro code  0x080006f4     0x4  startup_stm32f4xx.o [1]
  .text              ro code  0x080006f8     0x4  startup_stm32f4xx.o [1]
  .text              ro code  0x080006fc     0x4  startup_stm32f4xx.o [1]
  .text              ro code  0x08000700     0x4  startup_stm32f4xx.o [1]
  .text              ro code  0x08000704     0x4  startup_stm32f4xx.o [1]
  .text              ro code  0x08000708     0x4  startup_stm32f4xx.o [1]
  .text              ro code  0x0800070c     0x4  startup_stm32f4xx.o [1]
  .text              ro code  0x08000710     0x4  startup_stm32f4xx.o [1]
  .text              ro code  0x08000714     0x4  startup_stm32f4xx.o [1]
  .text              ro code  0x08000718     0x4  startup_stm32f4xx.o [1]
  .text              ro code  0x0800071c     0x4  startup_stm32f4xx.o [1]
  .text              ro code  0x08000720     0x4  startup_stm32f4xx.o [1]
  .text              ro code  0x08000724     0x4  startup_stm32f4xx.o [1]
  .text              ro code  0x08000728     0x4  startup_stm32f4xx.o [1]
  .text              ro code  0x0800072c     0x4  startup_stm32f4xx.o [1]
  .text              ro code  0x08000730     0x4  startup_stm32f4xx.o [1]
  .text              ro code  0x08000734     0x4  startup_stm32f4xx.o [1]
  .text              ro code  0x08000738     0x4  startup_stm32f4xx.o [1]
  .text              ro code  0x0800073c     0x4  startup_stm32f4xx.o [1]
  .text              ro code  0x08000740     0x4  startup_stm32f4xx.o [1]
  .text              ro code  0x08000744     0x4  startup_stm32f4xx.o [1]
  .text              ro code  0x08000748     0x4  startup_stm32f4xx.o [1]
  .text              ro code  0x0800074c     0x4  startup_stm32f4xx.o [1]
  .text              ro code  0x08000750     0x4  startup_stm32f4xx.o [1]
  .text              ro code  0x08000754     0x4  startup_stm32f4xx.o [1]
  .text              ro code  0x08000758     0x4  startup_stm32f4xx.o [1]
  .text              ro code  0x0800075c     0x4  startup_stm32f4xx.o [1]
  .text              ro code  0x08000760     0x4  startup_stm32f4xx.o [1]
  .text              ro code  0x08000764     0x4  startup_stm32f4xx.o [1]
  .text              ro code  0x08000768     0x4  startup_stm32f4xx.o [1]
  .text              ro code  0x0800076c     0x4  startup_stm32f4xx.o [1]
  .text              ro code  0x08000770     0x4  startup_stm32f4xx.o [1]
  .text              ro code  0x08000774     0x4  startup_stm32f4xx.o [1]
  .text              ro code  0x08000778     0x4  startup_stm32f4xx.o [1]
  .text              ro code  0x0800077c     0x4  startup_stm32f4xx.o [1]
  .text              ro code  0x08000780     0x4  startup_stm32f4xx.o [1]
  .text              ro code  0x08000784     0x4  startup_stm32f4xx.o [1]
  .text              ro code  0x08000788     0x4  startup_stm32f4xx.o [1]
  .text              ro code  0x0800078c     0x4  startup_stm32f4xx.o [1]
  .text              ro code  0x08000790     0x4  startup_stm32f4xx.o [1]
  .text              ro code  0x08000794     0x4  startup_stm32f4xx.o [1]
  .text              ro code  0x08000798     0x4  startup_stm32f4xx.o [1]
  .text              ro code  0x0800079c     0x4  startup_stm32f4xx.o [1]
  .text              ro code  0x080007a0     0x4  startup_stm32f4xx.o [1]
  .text              ro code  0x080007a4     0x4  startup_stm32f4xx.o [1]
  .text              ro code  0x080007a8     0x4  startup_stm32f4xx.o [1]
  .text              ro code  0x080007ac     0x4  startup_stm32f4xx.o [1]
  .text              ro code  0x080007b0     0x4  startup_stm32f4xx.o [1]
  .text              ro code  0x080007b4     0x4  startup_stm32f4xx.o [1]
  .text              ro code  0x080007b8     0x4  startup_stm32f4xx.o [1]
  .text              ro code  0x080007bc     0x4  startup_stm32f4xx.o [1]
  .text              ro code  0x080007c0     0x4  startup_stm32f4xx.o [1]
  .text              ro code  0x080007c4     0x4  startup_stm32f4xx.o [1]
  .text              ro code  0x080007c8     0x4  startup_stm32f4xx.o [1]
  .text              ro code  0x080007cc     0x4  startup_stm32f4xx.o [1]
  .text              ro code  0x080007d0     0x4  startup_stm32f4xx.o [1]
  .text              ro code  0x080007d4     0x4  startup_stm32f4xx.o [1]
  .text              ro code  0x080007d8     0x4  startup_stm32f4xx.o [1]
  .text              ro code  0x080007dc     0x4  startup_stm32f4xx.o [1]
  .text              ro code  0x080007e0     0x4  startup_stm32f4xx.o [1]
  .text              ro code  0x080007e4     0x4  startup_stm32f4xx.o [1]
  .text              ro code  0x080007e8     0x4  startup_stm32f4xx.o [1]
  .text              ro code  0x080007ec     0x4  startup_stm32f4xx.o [1]
  .text              ro code  0x080007f0     0x4  startup_stm32f4xx.o [1]
  .text              ro code  0x080007f4     0x4  startup_stm32f4xx.o [1]
  .text              ro code  0x080007f8     0x4  startup_stm32f4xx.o [1]
  .text              ro code  0x080007fc     0x4  startup_stm32f4xx.o [1]
  .text              ro code  0x08000800     0x4  startup_stm32f4xx.o [1]
  .text              ro code  0x08000804     0x4  startup_stm32f4xx.o [1]
  .text              ro code  0x08000808     0x4  startup_stm32f4xx.o [1]
  .text              ro code  0x0800080c     0x4  startup_stm32f4xx.o [1]
  .text              ro code  0x08000810     0x4  startup_stm32f4xx.o [1]
  .text              ro code  0x08000814     0x4  startup_stm32f4xx.o [1]
  .rodata            const    0x08000818     0x0  copy_init3.o [4]
                            - 0x08000818   0x690

"P2", part 1 of 2:                           0x8
  P2-1                        0x20000000     0x8  <Init block>
    .data            inited   0x20000000     0x4  system_stm32f4xx.o [1]
    .bss             inited   0x20000004     0x4  stm32f4xx_it.o [1]
                            - 0x20000008     0x8

"P2", part 2 of 2:                        0x2000
  CSTACK                      0x20000008  0x2000  <Block>
    CSTACK           uninit   0x20000008  0x2000  <Block tail>
                            - 0x20002008  0x2000


*******************************************************************************
*** INIT TABLE
***

          Address     Size
          -------     ----
Copy (__iar_copy_init3)
    1 source range, total size 0x8:
          0x080006a4   0x8
    1 destination range, total size 0x8:
          0x20000000   0x8



*******************************************************************************
*** MODULE SUMMARY
***

    Module               ro code  ro data  rw data
    ------               -------  -------  -------
C:\Users\Dmitri\Documents\STM32F4\Task_02\Debug\Obj: [1]
    main.o                   316
    misc.o                   112
    startup_stm32f4xx.o      772
    stm32f4xx_gpio.o         194
    stm32f4xx_it.o            40        4        4
    stm32f4xx_rcc.o           72
    stm32f4xx_tim.o          232
    system_stm32f4xx.o       140        4        4
    ----------------------------------------------
    Total:                 1 878        8        8

command line: [2]
    ----------------------------------------------
    Total:

dl7M_tln.a: [3]
    exit.o                     4
    low_level_init.o           4
    ----------------------------------------------
    Total:                     8

rt7M_tl.a: [4]
    cexit.o                   10
    cmain.o                   26
    copy_init3.o              44
    cstartup_M.o              12
    data_init.o               40
    ----------------------------------------------
    Total:                   132

shb_l.a: [5]
    exit.o                    20
    ----------------------------------------------
    Total:                    20

    Gaps                       6
    Linker created                     20    8 192
--------------------------------------------------
    Grand Total:           2 044       28    8 200


*******************************************************************************
*** ENTRY LIST
***

Entry                      Address  Size  Type      Object
-----                      -------  ----  ----      ------
.iar.init_table$$Base   0x08000630         --   Gb  - Linker created -
.iar.init_table$$Limit  0x08000644         --   Gb  - Linker created -
?main                   0x08000645        Code  Gb  cmain.o [4]
BusFault_Handler        0x080005e7   0x2  Code  Gb  stm32f4xx_it.o [1]
Button_Config           0x080001bd  0x32  Code  Gb  main.o [1]
CSTACK$$Base            0x20000008         --   Gb  - Linker created -
CSTACK$$Limit           0x20002008         --   Gb  - Linker created -
DebugMon_Handler        0x080005ed   0x2  Code  Gb  stm32f4xx_it.o [1]
Enable_IRQ              0x08000245  0x22  Code  Gb  main.o [1]
GPIO_Init               0x0800030d  0xa4  Code  Gb  stm32f4xx_gpio.o [1]
GPIO_ReadInputDataBit   0x080003b1  0x16  Code  Gb  stm32f4xx_gpio.o [1]
GPIO_ResetBits          0x080003cb   0x4  Code  Gb  stm32f4xx_gpio.o [1]
GPIO_SetBits            0x080003c7   0x4  Code  Gb  stm32f4xx_gpio.o [1]
HardFault_Handler       0x080005e3   0x2  Code  Gb  stm32f4xx_it.o [1]
LED_Config              0x08000189  0x34  Code  Gb  main.o [1]
MemManage_Handler       0x080005e5   0x2  Code  Gb  stm32f4xx_it.o [1]
NMI_Handler             0x080005e1   0x2  Code  Gb  stm32f4xx_it.o [1]
NVIC_Init               0x080004b9  0x60  Code  Gb  misc.o [1]
PendSV_Handler          0x080005ef   0x2  Code  Gb  stm32f4xx_it.o [1]
RCC_AHB1PeriphClockCmd  0x080002c5  0x20  Code  Gb  stm32f4xx_rcc.o [1]
RCC_APB1PeriphClockCmd  0x080002e5  0x20  Code  Gb  stm32f4xx_rcc.o [1]
Region$$Table$$Base     0x08000630         --   Gb  - Linker created -
Region$$Table$$Limit    0x08000644         --   Gb  - Linker created -
SVC_Handler             0x080005eb   0x2  Code  Gb  stm32f4xx_it.o [1]
SetSysClock             0x0800056f  0x22  Code  Lc  system_stm32f4xx.o [1]
SysTick_Handler         0x080005f1  0x14  Code  Gb  stm32f4xx_it.o [1]
SystemCoreClock         0x20000000   0x4  Data  Gb  system_stm32f4xx.o [1]
SystemInit              0x08000529  0x46  Code  Gb  system_stm32f4xx.o [1]
TIM2_IRQHandler         0x08000267  0x26  Code  Gb  main.o [1]
TIM_ClearITPendingBit   0x080004b1   0x8  Code  Gb  stm32f4xx_tim.o [1]
TIM_Cmd                 0x08000439  0x1c  Code  Gb  stm32f4xx_tim.o [1]
TIM_Config              0x080001ef  0x56  Code  Gb  main.o [1]
TIM_GetITStatus         0x08000489  0x28  Code  Gb  stm32f4xx_tim.o [1]
TIM_ITConfig            0x08000471  0x18  Code  Gb  stm32f4xx_tim.o [1]
TIM_TimeBaseInit        0x080003d1  0x68  Code  Gb  stm32f4xx_tim.o [1]
TimmingDelay            0x20000004   0x4  Data  Gb  stm32f4xx_it.o [1]
UsageFault_Handler      0x080005e9   0x2  Code  Gb  stm32f4xx_it.o [1]
__cmain                 0x08000645        Code  Gb  cmain.o [4]
__exit                  0x08000675  0x14  Code  Gb  exit.o [5]
__iar_copy_init3        0x080005b5  0x2c  Code  Gb  copy_init3.o [4]
__iar_data_init3        0x08000609  0x28  Code  Gb  data_init.o [4]
__iar_program_start     0x08000699        Code  Gb  cstartup_M.o [4]
__low_level_init        0x0800065f   0x4  Code  Gb  low_level_init.o [3]
__vector_table          0x08000000        Data  Gb  startup_stm32f4xx.o [1]
_call_main              0x08000651        Code  Gb  cmain.o [4]
_exit                   0x08000669        Code  Gb  cexit.o [4]
_main                   0x0800065b        Code  Gb  cmain.o [4]
exit                    0x08000663   0x4  Code  Gb  exit.o [3]
main                    0x0800028d  0x2a  Code  Gb  main.o [1]


[1] = C:\Users\Dmitri\Documents\STM32F4\Task_02\Debug\Obj
[2] = command line
[3] = dl7M_tln.a
[4] = rt7M_tl.a
[5] = shb_l.a

  2 044 bytes of readonly  code memory
     28 bytes of readonly  data memory
  8 200 bytes of readwrite data memory

Errors: none
Warnings: none
