###############################################################################
#
# IAR ELF Linker V7.50.2.10312/W32 for ARM                04/Feb/2017  20:31:44
# Copyright 2007-2015 IAR Systems AB.
#
#    Output file  =  C:\Users\Dmitri\Documents\STM32F4\Task_04\Debug\Exe\c.out
#    Map file     =  C:\Users\Dmitri\Documents\STM32F4\Task_04\Debug\List\c.map
#    Command line =  
#        C:\Users\Dmitri\Documents\STM32F4\Task_04\Debug\Obj\main.o
#        C:\Users\Dmitri\Documents\STM32F4\Task_04\Debug\Obj\misc.o
#        C:\Users\Dmitri\Documents\STM32F4\Task_04\Debug\Obj\startup_stm32f4xx.o
#        C:\Users\Dmitri\Documents\STM32F4\Task_04\Debug\Obj\stm32f4_discovery.o
#        C:\Users\Dmitri\Documents\STM32F4\Task_04\Debug\Obj\stm32f4xx_gpio.o
#        C:\Users\Dmitri\Documents\STM32F4\Task_04\Debug\Obj\stm32f4xx_it.o
#        C:\Users\Dmitri\Documents\STM32F4\Task_04\Debug\Obj\stm32f4xx_rcc.o
#        C:\Users\Dmitri\Documents\STM32F4\Task_04\Debug\Obj\stm32f4xx_tim.o
#        C:\Users\Dmitri\Documents\STM32F4\Task_04\Debug\Obj\system_stm32f4xx.o
#        -o C:\Users\Dmitri\Documents\STM32F4\Task_04\Debug\Exe\c.out
#        --redirect _Printf=_PrintfFull --redirect _Scanf=_ScanfFull --map
#        C:\Users\Dmitri\Documents\STM32F4\Task_04\Debug\List\c.map --config
#        C:\Users\Dmitri\Documents\STM32F4\Task_04\Task_04.icf --semihosting
#        --entry __iar_program_start --vfe
#
###############################################################################

*******************************************************************************
*** RUNTIME MODEL ATTRIBUTES
***

CppFlavor       = *
__SystemLibrary = DLib


*******************************************************************************
*** PLACEMENT SUMMARY
***

"A1":  place at 0x08000000 { ro section .intvec };
"P1":  place in [from 0x08000000 to 0x080fffff] { ro };
"P2":  place in [from 0x20000000 to 0x2001ffff] { rw, block CSTACK, block HEAP };

  Section            Kind        Address    Size  Object
  -------            ----        -------    ----  ------
"A1":                                      0x188
  .intvec            ro code  0x08000000   0x188  startup_stm32f4xx.o [1]
                            - 0x08000188   0x188

"P1":                                      0x6f8
  .text              ro code  0x08000188   0x1a0  main.o [1]
  .text              ro code  0x08000328    0x48  stm32f4xx_rcc.o [1]
  .text              ro code  0x08000370    0xc2  stm32f4xx_gpio.o [1]
  .text              ro code  0x08000434    0xec  stm32f4xx_tim.o [1]
  .text              ro code  0x08000520    0x70  misc.o [1]
  .text              ro code  0x08000590    0x8c  system_stm32f4xx.o [1]
  .text              ro code  0x0800061c    0x2c  copy_init3.o [4]
  .text              ro code  0x08000648    0x28  stm32f4xx_it.o [1]
  .text              ro code  0x08000670    0x28  data_init.o [4]
  .iar.init_table    const    0x08000698    0x14  - Linker created -
  .text              ro code  0x080006ac    0x1a  cmain.o [4]
  .text              ro code  0x080006c6     0x4  low_level_init.o [3]
  .text              ro code  0x080006ca     0x4  exit.o [3]
  .text              ro code  0x080006d0     0xa  cexit.o [4]
  .text              ro code  0x080006dc    0x14  exit.o [5]
  .text              ro code  0x080006f0    0x10  startup_stm32f4xx.o [1]
  .text              ro code  0x08000700     0xc  cstartup_M.o [4]
  Initializer bytes  const    0x0800070c     0x8  <for P2-1>
  .text              ro code  0x08000714     0x4  startup_stm32f4xx.o [1]
  .text              ro code  0x08000718     0x4  startup_stm32f4xx.o [1]
  .text              ro code  0x0800071c     0x4  startup_stm32f4xx.o [1]
  .text              ro code  0x08000720     0x4  startup_stm32f4xx.o [1]
  .text              ro code  0x08000724     0x4  startup_stm32f4xx.o [1]
  .text              ro code  0x08000728     0x4  startup_stm32f4xx.o [1]
  .text              ro code  0x0800072c     0x4  startup_stm32f4xx.o [1]
  .text              ro code  0x08000730     0x4  startup_stm32f4xx.o [1]
  .text              ro code  0x08000734     0x4  startup_stm32f4xx.o [1]
  .text              ro code  0x08000738     0x4  startup_stm32f4xx.o [1]
  .text              ro code  0x0800073c     0x4  startup_stm32f4xx.o [1]
  .text              ro code  0x08000740     0x4  startup_stm32f4xx.o [1]
  .text              ro code  0x08000744     0x4  startup_stm32f4xx.o [1]
  .text              ro code  0x08000748     0x4  startup_stm32f4xx.o [1]
  .text              ro code  0x0800074c     0x4  startup_stm32f4xx.o [1]
  .text              ro code  0x08000750     0x4  startup_stm32f4xx.o [1]
  .text              ro code  0x08000754     0x4  startup_stm32f4xx.o [1]
  .text              ro code  0x08000758     0x4  startup_stm32f4xx.o [1]
  .text              ro code  0x0800075c     0x4  startup_stm32f4xx.o [1]
  .text              ro code  0x08000760     0x4  startup_stm32f4xx.o [1]
  .text              ro code  0x08000764     0x4  startup_stm32f4xx.o [1]
  .text              ro code  0x08000768     0x4  startup_stm32f4xx.o [1]
  .text              ro code  0x0800076c     0x4  startup_stm32f4xx.o [1]
  .text              ro code  0x08000770     0x4  startup_stm32f4xx.o [1]
  .text              ro code  0x08000774     0x4  startup_stm32f4xx.o [1]
  .text              ro code  0x08000778     0x4  startup_stm32f4xx.o [1]
  .text              ro code  0x0800077c     0x4  startup_stm32f4xx.o [1]
  .text              ro code  0x08000780     0x4  startup_stm32f4xx.o [1]
  .text              ro code  0x08000784     0x4  startup_stm32f4xx.o [1]
  .text              ro code  0x08000788     0x4  startup_stm32f4xx.o [1]
  .text              ro code  0x0800078c     0x4  startup_stm32f4xx.o [1]
  .text              ro code  0x08000790     0x4  startup_stm32f4xx.o [1]
  .text              ro code  0x08000794     0x4  startup_stm32f4xx.o [1]
  .text              ro code  0x08000798     0x4  startup_stm32f4xx.o [1]
  .text              ro code  0x0800079c     0x4  startup_stm32f4xx.o [1]
  .text              ro code  0x080007a0     0x4  startup_stm32f4xx.o [1]
  .text              ro code  0x080007a4     0x4  startup_stm32f4xx.o [1]
  .text              ro code  0x080007a8     0x4  startup_stm32f4xx.o [1]
  .text              ro code  0x080007ac     0x4  startup_stm32f4xx.o [1]
  .text              ro code  0x080007b0     0x4  startup_stm32f4xx.o [1]
  .text              ro code  0x080007b4     0x4  startup_stm32f4xx.o [1]
  .text              ro code  0x080007b8     0x4  startup_stm32f4xx.o [1]
  .text              ro code  0x080007bc     0x4  startup_stm32f4xx.o [1]
  .text              ro code  0x080007c0     0x4  startup_stm32f4xx.o [1]
  .text              ro code  0x080007c4     0x4  startup_stm32f4xx.o [1]
  .text              ro code  0x080007c8     0x4  startup_stm32f4xx.o [1]
  .text              ro code  0x080007cc     0x4  startup_stm32f4xx.o [1]
  .text              ro code  0x080007d0     0x4  startup_stm32f4xx.o [1]
  .text              ro code  0x080007d4     0x4  startup_stm32f4xx.o [1]
  .text              ro code  0x080007d8     0x4  startup_stm32f4xx.o [1]
  .text              ro code  0x080007dc     0x4  startup_stm32f4xx.o [1]
  .text              ro code  0x080007e0     0x4  startup_stm32f4xx.o [1]
  .text              ro code  0x080007e4     0x4  startup_stm32f4xx.o [1]
  .text              ro code  0x080007e8     0x4  startup_stm32f4xx.o [1]
  .text              ro code  0x080007ec     0x4  startup_stm32f4xx.o [1]
  .text              ro code  0x080007f0     0x4  startup_stm32f4xx.o [1]
  .text              ro code  0x080007f4     0x4  startup_stm32f4xx.o [1]
  .text              ro code  0x080007f8     0x4  startup_stm32f4xx.o [1]
  .text              ro code  0x080007fc     0x4  startup_stm32f4xx.o [1]
  .text              ro code  0x08000800     0x4  startup_stm32f4xx.o [1]
  .text              ro code  0x08000804     0x4  startup_stm32f4xx.o [1]
  .text              ro code  0x08000808     0x4  startup_stm32f4xx.o [1]
  .text              ro code  0x0800080c     0x4  startup_stm32f4xx.o [1]
  .text              ro code  0x08000810     0x4  startup_stm32f4xx.o [1]
  .text              ro code  0x08000814     0x4  startup_stm32f4xx.o [1]
  .text              ro code  0x08000818     0x4  startup_stm32f4xx.o [1]
  .text              ro code  0x0800081c     0x4  startup_stm32f4xx.o [1]
  .text              ro code  0x08000820     0x4  startup_stm32f4xx.o [1]
  .text              ro code  0x08000824     0x4  startup_stm32f4xx.o [1]
  .text              ro code  0x08000828     0x4  startup_stm32f4xx.o [1]
  .text              ro code  0x0800082c     0x4  startup_stm32f4xx.o [1]
  .text              ro code  0x08000830     0x4  startup_stm32f4xx.o [1]
  .text              ro code  0x08000834     0x4  startup_stm32f4xx.o [1]
  .text              ro code  0x08000838     0x4  startup_stm32f4xx.o [1]
  .text              ro code  0x0800083c     0x4  startup_stm32f4xx.o [1]
  .text              ro code  0x08000840     0x4  startup_stm32f4xx.o [1]
  .text              ro code  0x08000844     0x4  startup_stm32f4xx.o [1]
  .text              ro code  0x08000848     0x4  startup_stm32f4xx.o [1]
  .text              ro code  0x0800084c     0x4  startup_stm32f4xx.o [1]
  .text              ro code  0x08000850     0x4  startup_stm32f4xx.o [1]
  .text              ro code  0x08000854     0x4  startup_stm32f4xx.o [1]
  .text              ro code  0x08000858     0x4  startup_stm32f4xx.o [1]
  .text              ro code  0x0800085c     0x4  startup_stm32f4xx.o [1]
  .text              ro code  0x08000860     0x4  startup_stm32f4xx.o [1]
  .text              ro code  0x08000864     0x4  startup_stm32f4xx.o [1]
  .text              ro code  0x08000868     0x4  startup_stm32f4xx.o [1]
  .text              ro code  0x0800086c     0x4  startup_stm32f4xx.o [1]
  .text              ro code  0x08000870     0x4  startup_stm32f4xx.o [1]
  .text              ro code  0x08000874     0x4  startup_stm32f4xx.o [1]
  .text              ro code  0x08000878     0x4  startup_stm32f4xx.o [1]
  .text              ro code  0x0800087c     0x4  startup_stm32f4xx.o [1]
  .rodata            const    0x08000880     0x0  copy_init3.o [4]
                            - 0x08000880   0x6f8

"P2", part 1 of 2:                           0x8
  P2-1                        0x20000000     0x8  <Init block>
    .data            inited   0x20000000     0x4  system_stm32f4xx.o [1]
    .bss             inited   0x20000004     0x4  stm32f4xx_it.o [1]
                            - 0x20000008     0x8

"P2", part 2 of 2:                        0x2000
  CSTACK                      0x20000008  0x2000  <Block>
    CSTACK           uninit   0x20000008  0x2000  <Block tail>
                            - 0x20002008  0x2000


*******************************************************************************
*** INIT TABLE
***

          Address     Size
          -------     ----
Copy (__iar_copy_init3)
    1 source range, total size 0x8:
          0x0800070c   0x8
    1 destination range, total size 0x8:
          0x20000000   0x8



*******************************************************************************
*** MODULE SUMMARY
***

    Module               ro code  ro data  rw data
    ------               -------  -------  -------
C:\Users\Dmitri\Documents\STM32F4\Task_04\Debug\Obj: [1]
    main.o                   416
    misc.o                   112
    startup_stm32f4xx.o      772
    stm32f4xx_gpio.o         194
    stm32f4xx_it.o            40        4        4
    stm32f4xx_rcc.o           72
    stm32f4xx_tim.o          236
    system_stm32f4xx.o       140        4        4
    ----------------------------------------------
    Total:                 1 982        8        8

command line: [2]
    ----------------------------------------------
    Total:

dl7M_tln.a: [3]
    exit.o                     4
    low_level_init.o           4
    ----------------------------------------------
    Total:                     8

rt7M_tl.a: [4]
    cexit.o                   10
    cmain.o                   26
    copy_init3.o              44
    cstartup_M.o              12
    data_init.o               40
    ----------------------------------------------
    Total:                   132

shb_l.a: [5]
    exit.o                    20
    ----------------------------------------------
    Total:                    20

    Gaps                       6
    Linker created                     20    8 192
--------------------------------------------------
    Grand Total:           2 148       28    8 200


*******************************************************************************
*** ENTRY LIST
***

Entry                      Address  Size  Type      Object
-----                      -------  ----  ----      ------
.iar.init_table$$Base   0x08000698         --   Gb  - Linker created -
.iar.init_table$$Limit  0x080006ac         --   Gb  - Linker created -
?main                   0x080006ad        Code  Gb  cmain.o [4]
BusFault_Handler        0x0800064f   0x2  Code  Gb  stm32f4xx_it.o [1]
Button_Config           0x080001d1  0x32  Code  Gb  main.o [1]
CSTACK$$Base            0x20000008         --   Gb  - Linker created -
CSTACK$$Limit           0x20002008         --   Gb  - Linker created -
DebugMon_Handler        0x08000655   0x2  Code  Gb  stm32f4xx_it.o [1]
Disable_IRQ             0x0800027b  0x14  Code  Gb  main.o [1]
Enable_IRQ              0x08000259  0x22  Code  Gb  main.o [1]
GPIO_Init               0x08000371  0xa4  Code  Gb  stm32f4xx_gpio.o [1]
GPIO_ReadInputDataBit   0x08000415  0x16  Code  Gb  stm32f4xx_gpio.o [1]
GPIO_ResetBits          0x0800042f   0x4  Code  Gb  stm32f4xx_gpio.o [1]
GPIO_SetBits            0x0800042b   0x4  Code  Gb  stm32f4xx_gpio.o [1]
HardFault_Handler       0x0800064b   0x2  Code  Gb  stm32f4xx_it.o [1]
LED_Config              0x0800019d  0x34  Code  Gb  main.o [1]
MemManage_Handler       0x0800064d   0x2  Code  Gb  stm32f4xx_it.o [1]
NMI_Handler             0x08000649   0x2  Code  Gb  stm32f4xx_it.o [1]
NVIC_DisableIRQ         0x08000189  0x14  Code  Lc  main.o [1]
NVIC_Init               0x08000521  0x60  Code  Gb  misc.o [1]
PendSV_Handler          0x08000657   0x2  Code  Gb  stm32f4xx_it.o [1]
RCC_AHB1PeriphClockCmd  0x08000329  0x20  Code  Gb  stm32f4xx_rcc.o [1]
RCC_APB1PeriphClockCmd  0x08000349  0x20  Code  Gb  stm32f4xx_rcc.o [1]
Region$$Table$$Base     0x08000698         --   Gb  - Linker created -
Region$$Table$$Limit    0x080006ac         --   Gb  - Linker created -
SVC_Handler             0x08000653   0x2  Code  Gb  stm32f4xx_it.o [1]
SetSysClock             0x080005d7  0x22  Code  Lc  system_stm32f4xx.o [1]
SysTick_Handler         0x08000659  0x14  Code  Gb  stm32f4xx_it.o [1]
SystemCoreClock         0x20000000   0x4  Data  Gb  system_stm32f4xx.o [1]
SystemInit              0x08000591  0x46  Code  Gb  system_stm32f4xx.o [1]
TIM2_IRQHandler         0x0800028f  0x48  Code  Gb  main.o [1]
TIM_ClearITPendingBit   0x08000519   0x8  Code  Gb  stm32f4xx_tim.o [1]
TIM_Cmd                 0x080004a1  0x1c  Code  Gb  stm32f4xx_tim.o [1]
TIM_Config              0x08000203  0x56  Code  Gb  main.o [1]
TIM_GetCounter          0x0800049d   0x4  Code  Gb  stm32f4xx_tim.o [1]
TIM_GetITStatus         0x080004f1  0x28  Code  Gb  stm32f4xx_tim.o [1]
TIM_ITConfig            0x080004d9  0x18  Code  Gb  stm32f4xx_tim.o [1]
TIM_TimeBaseInit        0x08000435  0x68  Code  Gb  stm32f4xx_tim.o [1]
TimmingDelay            0x20000004   0x4  Data  Gb  stm32f4xx_it.o [1]
UsageFault_Handler      0x08000651   0x2  Code  Gb  stm32f4xx_it.o [1]
__cmain                 0x080006ad        Code  Gb  cmain.o [4]
__exit                  0x080006dd  0x14  Code  Gb  exit.o [5]
__iar_copy_init3        0x0800061d  0x2c  Code  Gb  copy_init3.o [4]
__iar_data_init3        0x08000671  0x28  Code  Gb  data_init.o [4]
__iar_program_start     0x08000701        Code  Gb  cstartup_M.o [4]
__low_level_init        0x080006c7   0x4  Code  Gb  low_level_init.o [3]
__vector_table          0x08000000        Data  Gb  startup_stm32f4xx.o [1]
_call_main              0x080006b9        Code  Gb  cmain.o [4]
_exit                   0x080006d1        Code  Gb  cexit.o [4]
_main                   0x080006c3        Code  Gb  cmain.o [4]
exit                    0x080006cb   0x4  Code  Gb  exit.o [3]
main                    0x080002d7  0x40  Code  Gb  main.o [1]


[1] = C:\Users\Dmitri\Documents\STM32F4\Task_04\Debug\Obj
[2] = command line
[3] = dl7M_tln.a
[4] = rt7M_tl.a
[5] = shb_l.a

  2 148 bytes of readonly  code memory
     28 bytes of readonly  data memory
  8 200 bytes of readwrite data memory

Errors: none
Warnings: none
